{ callPackage, pkgs, stdenv }:
self: {
      haskell-dummy-package1 = callPackage ({ base, fetchgit, mkDerivation, stdenv }:
      mkDerivation {
          pname = "haskell-dummy-package1";
          version = "0.1.0.0";
          src = fetchgit {
            url = "https://github.com/jmitchell/haskell-dummy-project1.git";
            sha256 = "14b4mgbi8a7mig8mfypn95c52wlvlhzafqslmlb3y3xlpg3fjgr0";
            rev = "7e7d91d86ba0f86633ab37279c013879ade09e32";
          };
          libraryHaskellDepends = [
            base
          ];
          doHaddock = false;
          doCheck = false;
          license = stdenv.lib.licenses.bsd3;
        }) {};
      base = callPackage ({ ghc-prim, integer-gmp, mkDerivation, rts, stdenv }:
      mkDerivation {
          pname = "base";
          version = "4.9.1.0";
          sha256 = "0zpvf4yq52dkl9f30w6x4fv1lqcc175i57prhv56ky06by08anvs";
          libraryHaskellDepends = [
            ghc-prim
            integer-gmp
            rts
          ];
          doHaddock = false;
          doCheck = false;
          description = "Basic libraries";
          license = stdenv.lib.licenses.bsd3;
        }) {};
    }
